[ELT API] ELT_PROJECT_DIR=C:\Users\benab\PycharmProjects\PythonProject1
INFO:     127.0.0.1:59534 - "GET /elt/latest-report HTTP/1.1" 200 OK
[ELT API] chdir to C:\Users\benab\PycharmProjects\PythonProject1
[ELT API] ELT_PROJECT_DIR=C:\Users\benab\PycharmProjects\PythonProject1
[RUNTIME] import platform_runtime.elt_run_manager
[ELT ARCHIVE FILES] route called limit=10
[ELT API] ELT_PROJECT_DIR=C:\Users\benab\PycharmProjects\PythonProject1

[TEST] Connexion Oracle...
[OK] Connexion Oracle réussie (0.11s)

[TEST] Connexion FTP...
DEBUG FTP_HOST = '10.57.63.109'
DEBUG FTP_PORT = 21
DEBUG FTP_USER = 'RAFTP'
DEBUG FTP_DIR  = '/home/sos/'
[ARCHIVE] archive files loaded adv=4 rev=4
[ELT ARCHIVE FILES] route response={"success": true, "message": "Suivi des fichiers traités chargé.", "files_adv": [{"flux": "Avance", "fichier": "VAD_ADV_06_02_2026.csv", "date_fichier": "2026-02-06T00:00:00", "date_traitement": "2026-05-05T20:32:39", "lignes_fichier": 210148, "lignes_inserees": 210148, "lignes_rejetees": 0, "chargement": "OK", "detail": "OK", "aggregation": "OK", "service": "OK", "parc": "OK", "archivage": "Fichier récent - conservation 7 jours", "resultat": "Succès"}, {"flux": "Avance", "fichier": "VAD_ADV_04_02_2026.csv", "date_fichier": "2026-02-04T00:00:00", "date_traitement": "2026-05-05T15:22:45", "lignes_fichier": 207142, "lignes_inserees": 207142, "lignes_rejetees": 0, "chargement": "OK", "detail": "OK", "aggregation": "OK", "service": "OK", "parc": "OK", "archivage": "Fichier récent - conservation 7 jours", "resultat": "Succès"}, {"flux": "Avance", "fichier": "VAD_ADV_03_02_2026.csv", "date_fichier": "2026-02-03T00:00:00", "date_traitement": "2026-05-05T15:18:50", "lignes_fichier": 207722, "lignes_inserees": 207722, "lignes_rejetees": 0, "chargement": "OK", "detail": "OK", "aggregation": "OK", "service": "OK", "parc": "OK", "archivage": "Fichier récent - conservation 7 jours", "resultat": "Succès"}, {"flux": "Avance", "fichier": "VAD_ADV_02_02_2026.csv", "date_fichier": "2026-02-02T00:00:00", "date_traitement": "2026-05-04T17:51:32", "lignes_fichier": 212786, "lignes_inserees": 212786, "lignes_rejetees": 0, "chargement": "OK", "detail": "OK", "aggregation": "OK", "service": "OK", "parc": "OK", "archivage": "Fichier récent - conservation 7 jours", "resultat": "Succès"}], "files_rev": [{"flux": "Remboursement", "fichier": "VAD_REV_06_02_2026.csv", "date_fichier": "2026-02-06T00:00:00", "date_traitement": "2026-05-05T20:32:45", "lignes_fichier": 347834, "lignes_inserees": 347834, "lignes_rejetees": 0, "chargement": "OK", "detail": "OK", "aggregation": "OK", "service": "OK", "parc": "Non concerné", "archivage": "Fichier récent - conservation 7 jours", "resultat": "Succès"}, {"flux": "Remboursement", "fichier": "VAD_REV_04_02_2026.csv", "date_fichier": "2026-02-04T00:00:00", "date_traitement": "2026-05-05T15:22:47", "lignes_fichier": 340805, "lignes_inserees": 340805, "lignes_rejetees": 0, "chargement": "OK", "detail": "OK", "aggregation": "OK", "service": "OK", "parc": "Non concerné", "archivage": "Fichier récent - conservation 7 jours", "resultat": "Succès"}, {"flux": "Remboursement", "fichier": "VAD_REV_03_02_2026.csv", "date_fichier": "2026-02-03T00:00:00", "date_traitement": "2026-05-05T15:18:55", "lignes_fichier": 347951, "lignes_inserees": 347951, "lignes_rejetees": 0, "chargement": "OK", "detail": "OK", "aggregation": "OK", "service": "OK", "parc": "Non concerné", "archivage": "Fichier récent - conservation 7 jours", "resultat": "Succès"}, {"flux": "Remboursement", "fichier": "VAD_REV_02_02_2026.csv", "date_fichier": "2026-02-02T00:00:00", "date_traitement": "2026-05-04T17:51:34", "lignes_fichier": 371873, "lignes_inserees": 371873, "lignes_rejetees": 0, "chargement": "OK", "detail": "OK", "aggregation": "OK", "service": "OK", "parc": "Non concerné", "archivage": "Fichier récent - conservation 7 jours", "resultat": "Succès"}], "archive_adv": [{"flux": "Avance", "fichier": "VAD_ADV_06_02_2026.csv", "date_fichier": "2026-02-06T00:00:00", "date_traitement": "2026-05-05T20:32:39", "lignes_fichier": 210148, "lignes_inserees": 210148, "lignes_rejetees": 0, "chargement": "OK", "detail": "OK", "aggregation": "OK", "service": "OK", "parc": "OK", "archivage": "Fichier récent - conservation 7 jours", "resultat": "Succès"}, {"flux": "Avance", "fichier": "VAD_ADV_04_02_2026.csv", "date_fichier": "2026-02-04T00:00:00", "date_traitement": "2026-05-05T15:22:45", "lignes_fichier": 207142, "lignes_inserees": 207142, "lignes_rejetees": 0, "chargement": "OK", "detail": "OK", "aggregation": "OK", "service": "OK", "parc": "OK", "archivage": "Fichier récent - conservation 7 jours", "resultat": "Succès"}, {"flux": "Avance", "fichier": "VAD_ADV_03_02_2026.csv", "date_fichier": "2026-02-03T00:00:00", "date_traitement": "2026-05-05T15:18:50", "lignes_fichier": 207722, "lignes_inserees": 207722, "lignes_rejetees": 0, "chargement": "OK", "detail": "OK", "aggregation": "OK", "service": "OK", "parc": "OK", "archivage": "Fichier récent - conservation 7 jours", "resultat": "Succès"}, {"flux": "Avance", "fichier": "VAD_ADV_02_02_2026.csv", "date_fichier": "2026-02-02T00:00:00", "date_traitement": "2026-05-04T17:51:32", "lignes_fichier": 212786, "lignes_inserees": 212786, "lignes_rejetees": 0, "chargement": "OK", "detail": "OK", "aggregation": "OK", "service": "OK", "parc": "OK", "archivage": "Fichier récent - conservation 7 jours", "resultat": "Succès"}], "archive_rev": [{"flux": "Remboursement", "fichier": "VAD_REV_06_02_2026.csv", "date_fichier": "2026-02-06T00:00:00", "date_traitement": "2026-05-05T20:32:45", "lignes_fichier": 347834, "lignes_inserees": 347834, "lignes_rejetees": 0, "chargement": "OK", "detail": "OK", "aggregation": "OK", "service": "OK", "parc": "Non concerné", "archivage": "Fichier récent - conservation 7 jours", "resultat": "Succès"}, {"flux": "Remboursement", "fichier": "VAD_REV_04_02_2026.csv", "date_fichier": "2026-02-04T00:00:00", "date_traitement": "2026-05-05T15:22:47", "lignes_fichier": 340805, "lignes_inserees": 340805, "lignes_rejetees": 0, "chargement": "OK", "detail": "OK", "aggregation": "OK", "service": "OK", "parc": "Non concerné", "archivage": "Fichier récent - conservation 7 jours", "resultat": "Succès"}, {"flux": "Remboursement", "fichier": "VAD_REV_03_02_2026.csv", "date_fichier": "2026-02-03T00:00:00", "date_traitement": "2026-05-05T15:18:55", "lignes_fichier": 347951, "lignes_inserees": 347951, "lignes_rejetees": 0, "chargement": "OK", "detail": "OK", "aggregation": "OK", "service": "OK", "parc": "Non concerné", "archivage": "Fichier récent - conservation 7 jours", "resultat": "Succès"}, {"flux": "Remboursement", "fichier": "VAD_REV_02_02_2026.csv", "date_fichier": "2026-02-02T00:00:00", "date_traitement": "2026-05-04T17:51:34", "lignes_fichier": 371873, "lignes_inserees": 371873, "lignes_rejetees": 0, "chargement": "OK", "detail": "OK", "aggregation": "OK", "service": "OK", "parc": "Non concerné", "archivage": "Fichier récent - conservation 7 jours", "resultat": "Succès"}], "files": [{"flux": "Avance", "fichier": "VAD_ADV_06_02_2026.csv", "date_fichier": "2026-02-06T00:00:00", "date_traitement": "2026-05-05T20:32:39", "lignes_fichier": 210148, "lignes_inserees": 210148, "lignes_rejetees": 0, "chargement": "OK", "detail": "OK", "aggregation": "OK", "service": "OK", "parc": "OK", "archivage": "Fichier récent - conservation 7 jours", "resultat": "Succès"}, {"flux": "Avance", "fichier": "VAD_ADV_04_02_2026.csv", "date_fichier": "2026-02-04T00:00:00", "date_traitement": "2026-05-05T15:22:45", "lignes_fichier": 207142, "lignes_inserees": 207142, "lignes_rejetees": 0, "chargement": "OK", "detail": "OK", "aggregation": "OK", "service": "OK", "parc": "OK", "archivage": "Fichier récent - conservation 7 jours", "resultat": "Succès"}, {"flux": "Avance", "fichier": "VAD_ADV_03_02_2026.csv", "date_fichier": "2026-02-03T00:00:00", "date_traitement": "2026-05-05T15:18:50", "lignes_fichier": 207722, "lignes_inserees": 207722, "lignes_rejetees": 0, "chargement": "OK", "detail": "OK", "aggregation": "OK", "service": "OK", "parc": "OK", "archivage": "Fichier récent - conservation 7 jours", "resultat": "Succès"}, {"flux": "Avance", "fichier": "VAD_ADV_02_02_2026.csv", "date_fichier": "2026-02-02T00:00:00", "date_traitement": "2026-05-04T17:51:32", "lignes_fichier": 212786, "lignes_inserees": 212786, "lignes_rejetees": 0, "chargement": "OK", "detail": "OK", "aggregation": "OK", "service": "OK", "parc": "OK", "archivage": "Fichier récent - conservation 7 jours", "resultat": "Succès"}, {"flux": "Remboursement", "fichier": "VAD_REV_06_02_2026.csv", "date_fichier": "2026-02-06T00:00:00", "date_traitement": "2026-05-05T20:32:45", "lignes_fichier": 347834, "lignes_inserees": 347834, "lignes_rejetees": 0, "chargement": "OK", "detail": "OK", "aggregation": "OK", "service": "OK", "parc": "Non concerné", "archivage": "Fichier récent - conservation 7 jours", "resultat": "Succès"}, {"flux": "Remboursement", "fichier": "VAD_REV_04_02_2026.csv", "date_fichier": "2026-02-04T00:00:00", "date_traitement": "2026-05-05T15:22:47", "lignes_fichier": 340805, "lignes_inserees": 340805, "lignes_rejetees": 0, "chargement": "OK", "detail": "OK", "aggregation": "OK", "service": "OK", "parc": "Non concerné", "archivage": "Fichier récent - conservation 7 jours", "resultat": "Succès"}, {"flux": "Remboursement", "fichier": "VAD_REV_03_02_2026.csv", "date_fichier": "2026-02-03T00:00:00", "date_traitement": "2026-05-05T15:18:55", "lignes_fichier": 347951, "lignes_inserees": 347951, "lignes_rejetees": 0, "chargement": "OK", "detail": "OK", "aggregation": "OK", "service": "OK", "parc": "Non concerné", "archivage": "Fichier récent - conservation 7 jours", "resultat": "Succès"}, {"flux": "Remboursement", "fichier": "VAD_REV_02_02_2026.csv", "date_fichier": "2026-02-02T00:00:00", "date_traitement": "2026-05-04T17:51:34", "lignes_fichier": 371873, "lignes_inserees": 371873, "lignes_rejetees": 0, "chargement": "OK", "detail": "OK", "aggregation": "OK", "service": "OK", "parc": "Non concerné", "archivage": "Fichier récent - conservation 7 jours", "resultat": "Succès"}]}
INFO:     127.0.0.1:59533 - "GET /elt/archive-files?limit=10 HTTP/1.1" 200 OK
[ELT WATCH] start route called
[WATCH] start requested
[ELT API] ELT_PROJECT_DIR=C:\Users\benab\PycharmProjects\PythonProject1
[ELT WATCH] response JSON={'success': True, 'status': 'STARTED', 'message': 'Surveillance locale lancee. Ajoute un fichier dans le dossier surveille.', 'pid': 38512}
[ELT WATCH] start route response={"success": true, "status": "STARTED", "message": "Surveillance locale lancee. Ajoute un fichier dans le dossier surveille.", "pid": 38512}
INFO:     127.0.0.1:59536 - "POST /elt/watch/start HTTP/1.1" 200 OK
[ECHEC] Connexion FTP impossible (10.01s)
Cause : timed out
INFO:     127.0.0.1:59535 - "GET /elt/check-connections HTTP/1.1" 200 OK
[ELT WATCH] status route called
[ELT WATCH] status called
[ELT WATCH] response JSON={'success': True, 'active': True, 'watching': True, 'oracle_ok': True, 'ftp_ok': False, 'oracle_label': 'Oracle connecté', 'ftp_label': 'FTP indisponible', 'state': 'WAITING_FOR_FILE', 'state_label': 'En attente de fichier', 'last_detected_file': None, 'message': 'Surveillance active - En attente de fichiers locaux', 'watch_dir': 'C:\\Users\\benab\\OneDrive\\Bureau\\PFE TT\\sos', 'timestamp': '2026-05-06 02:59:43', 'pid': 38512}
[ELT WATCH] status route response={"success": true, "active": true, "watching": true, "oracle_ok": true, "ftp_ok": false, "oracle_label": "Oracle connecté", "ftp_label": "FTP indisponible", "state": "WAITING_FOR_FILE", "state_label": "En attente de fichier", "last_detected_file": null, "message": "Surveillance active - En attente de fichiers locaux", "watch_dir": "C:\\Users\\benab\\OneDrive\\Bureau\\PFE TT\\sos", "timestamp": "2026-05-06 02:59:43", "pid": 38512}
INFO:     127.0.0.1:57292 - "GET /elt/watch/status HTTP/1.1" 200 OK
[API] /elt/run/start user_mode=LOCAL_ONLY
[SERVICE] start_runtime_run user_mode=LOCAL_ONLY
[ELT API] ELT_PROJECT_DIR=C:\Users\benab\PycharmProjects\PythonProject1
[RUNTIME] import platform_runtime.elt_run_manager
[ELT RUNTIME] start error=cannot import name 'build_registry_for_scenario' from 'orchestrator.reporting' (C:\Users\benab\PycharmProjects\PythonProject1\orchestrator\reporting.py)
Traceback (most recent call last):
  File "C:\Users\benab\OneDrive\Bureau\PFE TT\PLATEFORME TT\backend\app\services\elt_service.py", line 287, in start_runtime_run
    if bool(_runtime_call("is_run_active")):
  File "C:\Users\benab\OneDrive\Bureau\PFE TT\PLATEFORME TT\backend\app\services\elt_service.py", line 151, in _runtime_call
    module = import_module("platform_runtime.elt_run_manager")
  File "C:\Users\benab\AppData\Local\Programs\Python\Python310\lib\importlib\__init__.py", line 126, in import_module
    return _bootstrap._gcd_import(name[level:], package, level)
  File "<frozen importlib._bootstrap>", line 1050, in _gcd_import
  File "<frozen importlib._bootstrap>", line 1027, in _find_and_load
  File "<frozen importlib._bootstrap>", line 1006, in _find_and_load_unlocked
  File "<frozen importlib._bootstrap>", line 688, in _load_unlocked
  File "<frozen importlib._bootstrap_external>", line 883, in exec_module
  File "<frozen importlib._bootstrap>", line 241, in _call_with_frames_removed
  File "C:\Users\benab\PycharmProjects\PythonProject1\platform_runtime\elt_run_manager.py", line 12, in <module>
    from orchestrator.reporting import build_live_execution_snapshot, build_registry_for_scenario
ImportError: cannot import name 'build_registry_for_scenario' from 'orchestrator.reporting' (C:\Users\benab\PycharmProjects\PythonProject1\orchestrator\reporting.py)

INFO:     127.0.0.1:57293 - "POST /elt/run/start?user_mode=LOCAL_ONLY HTTP/1.1" 200 OK
