INFO:     Started server process [37228]
INFO:     Waiting for application startup.
INFO:     Application startup complete.
INFO:     Uvicorn running on http://127.0.0.1:8000 (Press CTRL+C to quit)
--- Logging error ---
Traceback (most recent call last):
  File "C:\Users\benab\AppData\Local\Programs\Python\Python310\lib\logging\__init__.py", line 1103, in emit
    stream.write(msg + self.terminator)
  File "C:\Users\benab\AppData\Local\Programs\Python\Python310\lib\encodings\cp1252.py", line 19, in encode
    return codecs.charmap_encode(input,self.errors,encoding_table)[0]
UnicodeEncodeError: 'charmap' codec can't encode character '\ufffd' in position 421: character maps to <undefined>
Call stack:
  File "C:\Users\benab\AppData\Local\Programs\Python\Python310\lib\threading.py", line 973, in _bootstrap
    self._bootstrap_inner()
  File "C:\Users\benab\AppData\Local\Programs\Python\Python310\lib\threading.py", line 1016, in _bootstrap_inner
    self.run()
  File "C:\Users\benab\AppData\Local\Programs\Python\Python310\lib\threading.py", line 953, in run
    self._target(*self._args, **self._kwargs)
  File "C:\Users\benab\AppData\Local\Programs\Python\Python310\lib\concurrent\futures\thread.py", line 83, in _worker
    work_item.run()
  File "C:\Users\benab\AppData\Local\Programs\Python\Python310\lib\concurrent\futures\thread.py", line 58, in run
    result = self.fn(*self.args, **self.kwargs)
  File "C:\Users\benab\PycharmProjects\PythonProject1\orchestrator\execution_agent.py", line 544, in execute_task
    return self._set_success_or_no_data(task_name, script_name, result, classified_status)
  File "C:\Users\benab\PycharmProjects\PythonProject1\orchestrator\execution_agent.py", line 175, in _set_success_or_no_data
    self._publish_event(
  File "C:\Users\benab\PycharmProjects\PythonProject1\orchestrator\execution_agent.py", line 50, in _publish_event
    self.event_bus.publish(Event(
  File "C:\Users\benab\PycharmProjects\PythonProject1\orchestrator\event_bus.py", line 29, in publish
    logger.info(
Message: 'EVENT PUBLISHED | ts=%s | run_id=%s | source=%s | name=%s | payload=%s'
Arguments: ('2026-05-06 03:04:17', 142, 'ExecutionAgent', 'TASK_COMPLETED', {'task_name': 'ADV_LOAD', 'script_name': 'load_local_adv.py', 'return_code': 0, 'stdout': '\n======================================================================\n               PIPELINE ADV LOCAL -> ORACLE\n======================================================================\n1 fichier(s) ADV d\ufffdtect\ufffd(s).\n----------------------------------------------------------------------\nD\ufffdj\ufffd charg\ufffds OK : 0\n\ufffd charger       : 1\n----------------------------------------------------------------------\n\n[1/1] Traitement : VAD_ADV_07_02_2026.csv\nNom normalis\ufffd base : VAD_ADV_07_02_2026.csv\nDate fichier       : 07/02/2026\nLignes fichier   : 207370\nLignes TMP       : 207370\nLignes ERROR     : 0\nLOAD_OK          : Y\nZIP source       : C:\\Users\\benab\\OneDrive\\Bureau\\PFE TT\\sos\\archive\\archive_adv\\VAD_ADV_07_02_2026.zip\nTemps fichier    : 6.47 sec\nETA restant      : 0.00 sec\n\n======================================================================\n                         R\ufffdSUM\ufffd FINAL\n======================================================================\nTotal fichiers succ\ufffds  : 1\nTotal fichiers \ufffdchec   : 0\nTotal lignes lues      : 207370\nTotal lignes TMP       : 207370\nTotal lignes ERROR     : 0\nDur\ufffde totale           : 6.62 sec\n======================================================================\nELT_STATUS: SUCCESS\n'})
--- Logging error ---
Traceback (most recent call last):
  File "C:\Users\benab\AppData\Local\Programs\Python\Python310\lib\logging\__init__.py", line 1103, in emit
    stream.write(msg + self.terminator)
  File "C:\Users\benab\AppData\Local\Programs\Python\Python310\lib\encodings\cp1252.py", line 19, in encode
    return codecs.charmap_encode(input,self.errors,encoding_table)[0]
UnicodeEncodeError: 'charmap' codec can't encode character '\ufffd' in position 421: character maps to <undefined>
Call stack:
  File "C:\Users\benab\AppData\Local\Programs\Python\Python310\lib\threading.py", line 973, in _bootstrap
    self._bootstrap_inner()
  File "C:\Users\benab\AppData\Local\Programs\Python\Python310\lib\threading.py", line 1016, in _bootstrap_inner
    self.run()
  File "C:\Users\benab\AppData\Local\Programs\Python\Python310\lib\threading.py", line 953, in run
    self._target(*self._args, **self._kwargs)
  File "C:\Users\benab\AppData\Local\Programs\Python\Python310\lib\concurrent\futures\thread.py", line 83, in _worker
    work_item.run()
  File "C:\Users\benab\AppData\Local\Programs\Python\Python310\lib\concurrent\futures\thread.py", line 58, in run
    result = self.fn(*self.args, **self.kwargs)
  File "C:\Users\benab\PycharmProjects\PythonProject1\orchestrator\execution_agent.py", line 544, in execute_task
    return self._set_success_or_no_data(task_name, script_name, result, classified_status)
  File "C:\Users\benab\PycharmProjects\PythonProject1\orchestrator\execution_agent.py", line 175, in _set_success_or_no_data
    self._publish_event(
  File "C:\Users\benab\PycharmProjects\PythonProject1\orchestrator\execution_agent.py", line 50, in _publish_event
    self.event_bus.publish(Event(
  File "C:\Users\benab\PycharmProjects\PythonProject1\orchestrator\event_bus.py", line 29, in publish
    logger.info(
Message: 'EVENT PUBLISHED | ts=%s | run_id=%s | source=%s | name=%s | payload=%s'
Arguments: ('2026-05-06 03:04:18', 142, 'ExecutionAgent', 'TASK_COMPLETED', {'task_name': 'REV_LOAD', 'script_name': 'load_local_rev.py', 'return_code': 0, 'stdout': '\n======================================================================\n               PIPELINE REV LOCAL -> ORACLE\n======================================================================\n1 fichier(s) REV d\ufffdtect\ufffd(s).\n----------------------------------------------------------------------\nD\ufffdj\ufffd charg\ufffds OK : 0\n\ufffd charger       : 1\n----------------------------------------------------------------------\n\n[1/1] Traitement : VAD_REV_07_02_2026.csv\nNom normalis\ufffd base : VAD_REV_07_02_2026.csv\nDate fichier       : 07/02/2026\nLignes fichier   : 338861\nLignes TMP       : 338861\nLignes ERROR     : 0\nLOAD_OK          : Y\nDATE_FICHIER     : 07/02/2026\nZIP source       : C:\\Users\\benab\\OneDrive\\Bureau\\PFE TT\\sos\\archive\\archive_rev\\VAD_REV_07_02_2026.zip\nTemps fichier    : 11.23 sec\nETA restant      : 0.00 sec\n\n======================================================================\n                         R\ufffdSUM\ufffd FINAL\n======================================================================\nTotal fichiers succ\ufffds  : 1\nTotal fichiers \ufffdchec   : 0\nTotal lignes lues      : 338861\nTotal lignes TMP       : 338861\nTotal lignes ERROR     : 0\nDur\ufffde totale           : 11.36 sec\n======================================================================\nELT_STATUS: SUCCESS\n'})
--- Logging error ---
Traceback (most recent call last):
  File "C:\Users\benab\AppData\Local\Programs\Python\Python310\lib\logging\__init__.py", line 1103, in emit
    stream.write(msg + self.terminator)
  File "C:\Users\benab\AppData\Local\Programs\Python\Python310\lib\encodings\cp1252.py", line 19, in encode
    return codecs.charmap_encode(input,self.errors,encoding_table)[0]
UnicodeEncodeError: 'charmap' codec can't encode character '\ufffd' in position 450: character maps to <undefined>
Call stack:
  File "C:\Users\benab\AppData\Local\Programs\Python\Python310\lib\threading.py", line 973, in _bootstrap
    self._bootstrap_inner()
  File "C:\Users\benab\AppData\Local\Programs\Python\Python310\lib\threading.py", line 1016, in _bootstrap_inner
    self.run()
  File "C:\Users\benab\AppData\Local\Programs\Python\Python310\lib\threading.py", line 953, in run
    self._target(*self._args, **self._kwargs)
  File "C:\Users\benab\AppData\Local\Programs\Python\Python310\lib\concurrent\futures\thread.py", line 83, in _worker
    work_item.run()
  File "C:\Users\benab\AppData\Local\Programs\Python\Python310\lib\concurrent\futures\thread.py", line 58, in run
    result = self.fn(*self.args, **self.kwargs)
  File "C:\Users\benab\PycharmProjects\PythonProject1\orchestrator\execution_agent.py", line 544, in execute_task
    return self._set_success_or_no_data(task_name, script_name, result, classified_status)
  File "C:\Users\benab\PycharmProjects\PythonProject1\orchestrator\execution_agent.py", line 175, in _set_success_or_no_data
    self._publish_event(
  File "C:\Users\benab\PycharmProjects\PythonProject1\orchestrator\execution_agent.py", line 50, in _publish_event
    self.event_bus.publish(Event(
  File "C:\Users\benab\PycharmProjects\PythonProject1\orchestrator\event_bus.py", line 29, in publish
    logger.info(
Message: 'EVENT PUBLISHED | ts=%s | run_id=%s | source=%s | name=%s | payload=%s'
Arguments: ('2026-05-06 03:04:50', 142, 'ExecutionAgent', 'TASK_COMPLETED', {'task_name': 'ADV_DETAIL', 'script_name': 'ADV_DETAIL.py', 'return_code': 0, 'stdout': '\n================================================================================\n                  CHARGEMENT AUTOMATIQUE TMP -> ADV_DETAIL\n================================================================================\n1 fichier(s) d\ufffdtect\ufffd(s).\nADV_DETAIL avant traitement : 837798\n\n[1/1] Traitement du fichier : VAD_ADV_07_02_2026.csv\n\n--------------------------------------------------------------------------------\nFichier trait\ufffd              : VAD_ADV_07_02_2026.csv\nLignes lues TMP             : 207370\nLignes ins\ufffdr\ufffdes DETAIL      : 207370\nLignes supprim\ufffdes TMP       : 207370\nTemps de traitement fichier : 21.78 sec\n--------------------------------------------------------------------------------\n\n================================================================================\n                                 R\ufffdSUM\ufffd FINAL\n================================================================================\nFichiers trait\ufffds avec succ\ufffds : 1\nTotal lignes lues TMP        : 207370\nTotal lignes ins\ufffdr\ufffdes        : 207370\nTotal lignes supprim\ufffdes TMP  : 207370\nADV_DETAIL avant             : 837798\nADV_DETAIL apr\ufffds             : 1045168\nDur\ufffde totale                 : 27.42 sec\n================================================================================\n'})
--- Logging error ---
Traceback (most recent call last):
  File "C:\Users\benab\AppData\Local\Programs\Python\Python310\lib\logging\__init__.py", line 1103, in emit
    stream.write(msg + self.terminator)
  File "C:\Users\benab\AppData\Local\Programs\Python\Python310\lib\encodings\cp1252.py", line 19, in encode
    return codecs.charmap_encode(input,self.errors,encoding_table)[0]
UnicodeEncodeError: 'charmap' codec can't encode character '\ufffd' in position 432: character maps to <undefined>
Call stack:
  File "C:\Users\benab\AppData\Local\Programs\Python\Python310\lib\threading.py", line 973, in _bootstrap
    self._bootstrap_inner()
  File "C:\Users\benab\AppData\Local\Programs\Python\Python310\lib\threading.py", line 1016, in _bootstrap_inner
    self.run()
  File "C:\Users\benab\AppData\Local\Programs\Python\Python310\lib\threading.py", line 953, in run
    self._target(*self._args, **self._kwargs)
  File "C:\Users\benab\AppData\Local\Programs\Python\Python310\lib\concurrent\futures\thread.py", line 83, in _worker
    work_item.run()
  File "C:\Users\benab\AppData\Local\Programs\Python\Python310\lib\concurrent\futures\thread.py", line 58, in run
    result = self.fn(*self.args, **self.kwargs)
  File "C:\Users\benab\PycharmProjects\PythonProject1\orchestrator\execution_agent.py", line 544, in execute_task
    return self._set_success_or_no_data(task_name, script_name, result, classified_status)
  File "C:\Users\benab\PycharmProjects\PythonProject1\orchestrator\execution_agent.py", line 175, in _set_success_or_no_data
    self._publish_event(
  File "C:\Users\benab\PycharmProjects\PythonProject1\orchestrator\execution_agent.py", line 50, in _publish_event
    self.event_bus.publish(Event(
  File "C:\Users\benab\PycharmProjects\PythonProject1\orchestrator\event_bus.py", line 29, in publish
    logger.info(
Message: 'EVENT PUBLISHED | ts=%s | run_id=%s | source=%s | name=%s | payload=%s'
Arguments: ('2026-05-06 03:04:59', 142, 'ExecutionAgent', 'TASK_COMPLETED', {'task_name': 'PARC_SOS', 'script_name': 'PARC_SOS.py', 'return_code': 0, 'stdout': '\n================================================================================\n                 PRC_ADV_PARC_SOS : MISE A JOUR PARC SOS\n================================================================================\nEx\ufffdcution de la proc\ufffddure PRC_ADV_PARC_SOS ...\n--------------------------------------------------------------------------------\nMise \ufffd jour RA_PARC_SOS termin\ufffde avec succ\ufffds.\nDur\ufffde totale : 1.09 sec\n--------------------------------------------------------------------------------\n'})
--- Logging error ---
Traceback (most recent call last):
  File "C:\Users\benab\AppData\Local\Programs\Python\Python310\lib\logging\__init__.py", line 1103, in emit
    stream.write(msg + self.terminator)
  File "C:\Users\benab\AppData\Local\Programs\Python\Python310\lib\encodings\cp1252.py", line 19, in encode
    return codecs.charmap_encode(input,self.errors,encoding_table)[0]
UnicodeEncodeError: 'charmap' codec can't encode character '\ufffd' in position 437: character maps to <undefined>
Call stack:
  File "C:\Users\benab\AppData\Local\Programs\Python\Python310\lib\threading.py", line 973, in _bootstrap
    self._bootstrap_inner()
  File "C:\Users\benab\AppData\Local\Programs\Python\Python310\lib\threading.py", line 1016, in _bootstrap_inner
    self.run()
  File "C:\Users\benab\AppData\Local\Programs\Python\Python310\lib\threading.py", line 953, in run
    self._target(*self._args, **self._kwargs)
  File "C:\Users\benab\AppData\Local\Programs\Python\Python310\lib\concurrent\futures\thread.py", line 83, in _worker
    work_item.run()
  File "C:\Users\benab\AppData\Local\Programs\Python\Python310\lib\concurrent\futures\thread.py", line 58, in run
    result = self.fn(*self.args, **self.kwargs)
  File "C:\Users\benab\PycharmProjects\PythonProject1\orchestrator\execution_agent.py", line 544, in execute_task
    return self._set_success_or_no_data(task_name, script_name, result, classified_status)
  File "C:\Users\benab\PycharmProjects\PythonProject1\orchestrator\execution_agent.py", line 175, in _set_success_or_no_data
    self._publish_event(
  File "C:\Users\benab\PycharmProjects\PythonProject1\orchestrator\execution_agent.py", line 50, in _publish_event
    self.event_bus.publish(Event(
  File "C:\Users\benab\PycharmProjects\PythonProject1\orchestrator\event_bus.py", line 29, in publish
    logger.info(
Message: 'EVENT PUBLISHED | ts=%s | run_id=%s | source=%s | name=%s | payload=%s'
Arguments: ('2026-05-06 03:05:29', 142, 'ExecutionAgent', 'TASK_COMPLETED', {'task_name': 'REV_DETAIL', 'script_name': 'REV_DETAIL.py', 'return_code': 0, 'stdout': '\n================================================================================\n                    REV_DETAIL : TMP -> DETAIL\n================================================================================\n1 fichier(s) \ufffd traiter.\nREV_DETAIL avant traitement : 1408463\n\n[1/1] Traitement : VAD_REV_07_02_2026.csv\n\n--------------------------------------------------------------------------------\nFichier trait\ufffd              : VAD_REV_07_02_2026.csv\nLignes lues TMP             : 338861\nLignes ins\ufffdr\ufffdes DETAIL      : 338861\nLignes supprim\ufffdes TMP       : 338861\nTemps de traitement fichier : 48.79 sec\n--------------------------------------------------------------------------------\n\n================================================================================\n                           R\ufffdSUM\ufffd FINAL\n================================================================================\nFichiers trait\ufffds avec succ\ufffds : 1\nTotal lignes lues TMP        : 338861\nTotal ins\ufffdr\ufffd dans DETAIL     : 338861\nTotal supprim\ufffd de TMP        : 338861\nREV_DETAIL avant             : 1408463\nREV_DETAIL apr\ufffds             : 1747324\nDur\ufffde totale                 : 65.07 sec\n================================================================================\n'})
--- Logging error ---
Traceback (most recent call last):
  File "C:\Users\benab\AppData\Local\Programs\Python\Python310\lib\logging\__init__.py", line 1103, in emit
    stream.write(msg + self.terminator)
  File "C:\Users\benab\AppData\Local\Programs\Python\Python310\lib\encodings\cp1252.py", line 19, in encode
    return codecs.charmap_encode(input,self.errors,encoding_table)[0]
UnicodeEncodeError: 'charmap' codec can't encode character '\ufffd' in position 424: character maps to <undefined>
Call stack:
  File "C:\Users\benab\AppData\Local\Programs\Python\Python310\lib\threading.py", line 973, in _bootstrap
    self._bootstrap_inner()
  File "C:\Users\benab\AppData\Local\Programs\Python\Python310\lib\threading.py", line 1016, in _bootstrap_inner
    self.run()
  File "C:\Users\benab\AppData\Local\Programs\Python\Python310\lib\threading.py", line 953, in run
    self._target(*self._args, **self._kwargs)
  File "C:\Users\benab\AppData\Local\Programs\Python\Python310\lib\concurrent\futures\thread.py", line 83, in _worker
    work_item.run()
  File "C:\Users\benab\AppData\Local\Programs\Python\Python310\lib\concurrent\futures\thread.py", line 58, in run
    result = self.fn(*self.args, **self.kwargs)
  File "C:\Users\benab\PycharmProjects\PythonProject1\orchestrator\execution_agent.py", line 544, in execute_task
    return self._set_success_or_no_data(task_name, script_name, result, classified_status)
  File "C:\Users\benab\PycharmProjects\PythonProject1\orchestrator\execution_agent.py", line 154, in _set_success_or_no_data
    self._publish_event(
  File "C:\Users\benab\PycharmProjects\PythonProject1\orchestrator\execution_agent.py", line 50, in _publish_event
    self.event_bus.publish(Event(
  File "C:\Users\benab\PycharmProjects\PythonProject1\orchestrator\event_bus.py", line 29, in publish
    logger.info(
Message: 'EVENT PUBLISHED | ts=%s | run_id=%s | source=%s | name=%s | payload=%s'
Arguments: ('2026-05-06 03:08:53', 143, 'ExecutionAgent', 'TASK_NO_DATA', {'task_name': 'REV_LOAD', 'script_name': 'load_local_rev.py', 'return_code': 0, 'stdout': '\n======================================================================\n               PIPELINE REV LOCAL -> ORACLE\n======================================================================\nAucun fichier REV trouv\ufffd dans le dossier source.\nELT_STATUS: NO_DATA\n'})
--- Logging error ---
Traceback (most recent call last):
  File "C:\Users\benab\AppData\Local\Programs\Python\Python310\lib\logging\__init__.py", line 1103, in emit
    stream.write(msg + self.terminator)
  File "C:\Users\benab\AppData\Local\Programs\Python\Python310\lib\encodings\cp1252.py", line 19, in encode
    return codecs.charmap_encode(input,self.errors,encoding_table)[0]
UnicodeEncodeError: 'charmap' codec can't encode character '\ufffd' in position 424: character maps to <undefined>
Call stack:
  File "C:\Users\benab\AppData\Local\Programs\Python\Python310\lib\threading.py", line 973, in _bootstrap
    self._bootstrap_inner()
  File "C:\Users\benab\AppData\Local\Programs\Python\Python310\lib\threading.py", line 1016, in _bootstrap_inner
    self.run()
  File "C:\Users\benab\AppData\Local\Programs\Python\Python310\lib\threading.py", line 953, in run
    self._target(*self._args, **self._kwargs)
  File "C:\Users\benab\AppData\Local\Programs\Python\Python310\lib\concurrent\futures\thread.py", line 83, in _worker
    work_item.run()
  File "C:\Users\benab\AppData\Local\Programs\Python\Python310\lib\concurrent\futures\thread.py", line 58, in run
    result = self.fn(*self.args, **self.kwargs)
  File "C:\Users\benab\PycharmProjects\PythonProject1\orchestrator\execution_agent.py", line 544, in execute_task
    return self._set_success_or_no_data(task_name, script_name, result, classified_status)
  File "C:\Users\benab\PycharmProjects\PythonProject1\orchestrator\execution_agent.py", line 154, in _set_success_or_no_data
    self._publish_event(
  File "C:\Users\benab\PycharmProjects\PythonProject1\orchestrator\execution_agent.py", line 50, in _publish_event
    self.event_bus.publish(Event(
  File "C:\Users\benab\PycharmProjects\PythonProject1\orchestrator\event_bus.py", line 29, in publish
    logger.info(
Message: 'EVENT PUBLISHED | ts=%s | run_id=%s | source=%s | name=%s | payload=%s'
Arguments: ('2026-05-06 03:08:55', 143, 'ExecutionAgent', 'TASK_NO_DATA', {'task_name': 'ADV_LOAD', 'script_name': 'load_local_adv.py', 'return_code': 0, 'stdout': '\n======================================================================\n               PIPELINE ADV LOCAL -> ORACLE\n======================================================================\nAucun fichier ADV trouv\ufffd dans le dossier source.\nELT_STATUS: NO_DATA\n'})
INFO:     Shutting down
INFO:     Waiting for application shutdown.
INFO:     Application shutdown complete.
INFO:     Finished server process [37228]
