2026-05-18 00:03:20 WAT LOG:  n'a pas pu recevoir les donn√©es du client : An existing connection was forcibly closed by the remote host.
	
2026-05-18 00:07:53 WAT LOG:  n'a pas pu recevoir les donn√©es du client : An existing connection was forcibly closed by the remote host.
	
2026-05-18 00:07:58 WAT LOG:  dÈbut du checkpoint : time
2026-05-18 00:08:23 WAT LOG:  n'a pas pu recevoir les donn√©es du client : An existing connection was forcibly closed by the remote host.
	
2026-05-18 00:08:47 WAT LOG:  n'a pas pu recevoir les donn√©es du client : An existing connection was forcibly closed by the remote host.
	
2026-05-18 00:09:06 WAT LOG:  checkpoint complete: wrote 228 buffers (1.4%), wrote 1 SLRU buffers; 0 WAL file(s) added, 0 removed, 0 recycled; write=68.256 s, sync=0.012 s, total=68.277 s; sync files=38, longest=0.003 s, average=0.001 s; distance=5696 kB, estimate=5978 kB; lsn=0/FB75C40, redo lsn=0/F59C708
2026-05-18 00:09:42 WAT LOG:  n'a pas pu recevoir les donn√©es du client : An existing connection was forcibly closed by the remote host.
	
2026-05-18 00:10:41 WAT LOG:  n'a pas pu recevoir les donn√©es du client : An existing connection was forcibly closed by the remote host.
	
2026-05-18 00:12:58 WAT LOG:  dÈbut du checkpoint : time
2026-05-18 00:14:13 WAT LOG:  checkpoint complete: wrote 686 buffers (4.2%), wrote 1 SLRU buffers; 0 WAL file(s) added, 0 removed, 1 recycled; write=74.630 s, sync=0.016 s, total=74.660 s; sync files=33, longest=0.003 s, average=0.001 s; distance=11756 kB, estimate=11756 kB; lsn=0/101179C8, redo lsn=0/10117938
2026-05-18 00:17:58 WAT LOG:  dÈbut du checkpoint : time
2026-05-18 00:19:17 WAT LOG:  checkpoint complete: wrote 726 buffers (4.4%), wrote 1 SLRU buffers; 0 WAL file(s) added, 0 removed, 0 recycled; write=79.226 s, sync=0.026 s, total=79.262 s; sync files=63, longest=0.003 s, average=0.001 s; distance=6254 kB, estimate=11206 kB; lsn=0/10749CA8, redo lsn=0/107332B8
2026-05-18 00:22:58 WAT LOG:  dÈbut du checkpoint : time
2026-05-18 00:23:01 WAT LOG:  checkpoint complete: wrote 23 buffers (0.1%), wrote 1 SLRU buffers; 0 WAL file(s) added, 0 removed, 0 recycled; write=2.478 s, sync=0.006 s, total=2.491 s; sync files=13, longest=0.001 s, average=0.001 s; distance=151 kB, estimate=10100 kB; lsn=0/10759288, redo lsn=0/107591F8
2026-05-18 00:27:58 WAT LOG:  dÈbut du checkpoint : time
2026-05-18 00:28:00 WAT LOG:  checkpoint complete: wrote 23 buffers (0.1%), wrote 1 SLRU buffers; 0 WAL file(s) added, 0 removed, 0 recycled; write=2.509 s, sync=0.006 s, total=2.521 s; sync files=13, longest=0.001 s, average=0.001 s; distance=149 kB, estimate=9105 kB; lsn=0/1077E950, redo lsn=0/1077E8F8
2026-05-18 00:32:58 WAT LOG:  dÈbut du checkpoint : time
2026-05-18 00:33:01 WAT LOG:  checkpoint complete: wrote 26 buffers (0.2%), wrote 1 SLRU buffers; 0 WAL file(s) added, 0 removed, 0 recycled; write=2.836 s, sync=0.008 s, total=2.850 s; sync files=13, longest=0.003 s, average=0.001 s; distance=155 kB, estimate=8210 kB; lsn=0/107A57B0, redo lsn=0/107A5720
2026-05-18 00:37:58 WAT LOG:  dÈbut du checkpoint : time
2026-05-18 00:38:01 WAT LOG:  checkpoint complete: wrote 24 buffers (0.1%), wrote 1 SLRU buffers; 0 WAL file(s) added, 0 removed, 0 recycled; write=2.600 s, sync=0.007 s, total=2.615 s; sync files=14, longest=0.003 s, average=0.001 s; distance=158 kB, estimate=7405 kB; lsn=0/107CCFA8, redo lsn=0/107CCF50
2026-05-18 00:42:58 WAT LOG:  dÈbut du checkpoint : time
2026-05-18 00:43:00 WAT LOG:  checkpoint complete: wrote 23 buffers (0.1%), wrote 1 SLRU buffers; 0 WAL file(s) added, 0 removed, 0 recycled; write=2.492 s, sync=0.007 s, total=2.507 s; sync files=13, longest=0.003 s, average=0.001 s; distance=152 kB, estimate=6680 kB; lsn=0/107F3170, redo lsn=0/107F3118
2026-05-18 00:47:58 WAT LOG:  dÈbut du checkpoint : time
2026-05-18 00:48:00 WAT LOG:  checkpoint complete: wrote 14 buffers (0.1%), wrote 1 SLRU buffers; 0 WAL file(s) added, 0 removed, 0 recycled; write=1.521 s, sync=0.009 s, total=1.537 s; sync files=13, longest=0.003 s, average=0.001 s; distance=89 kB, estimate=6021 kB; lsn=0/10809858, redo lsn=0/108097C8
2026-05-18 05:09:59 WAT LOG:  n'a pas pu recevoir les donn√©es du client : An existing connection was forcibly closed by the remote host.
	
2026-05-18 05:09:59 WAT LOG:  n'a pas pu recevoir les donn√©es du client : An existing connection was forcibly closed by the remote host.
	
2026-05-18 05:09:59 WAT LOG:  n'a pas pu recevoir les donn√©es du client : An existing connection was forcibly closed by the remote host.
	
2026-05-18 05:09:59 WAT LOG:  n'a pas pu recevoir les donn√©es du client : An existing connection was forcibly closed by the remote host.
	
2026-05-18 05:09:59 WAT LOG:  n'a pas pu recevoir les donn√©es du client : An existing connection was forcibly closed by the remote host.
	
2026-05-18 05:10:08 WAT LOG:  n'a pas pu recevoir les donn√©es du client : An existing connection was forcibly closed by the remote host.
	
2026-05-18 12:49:05 WAT LOG:  dÈbut du checkpoint : time
2026-05-18 12:49:12 WAT LOG:  checkpoint complete: wrote 67 buffers (0.4%), wrote 1 SLRU buffers; 0 WAL file(s) added, 0 removed, 0 recycled; write=7.460 s, sync=0.131 s, total=7.625 s; sync files=39, longest=0.014 s, average=0.004 s; distance=365 kB, estimate=5455 kB; lsn=0/10864E28, redo lsn=0/10864DD0
2026-05-18 12:54:05 WAT LOG:  dÈbut du checkpoint : time
2026-05-18 12:55:21 WAT LOG:  checkpoint complete: wrote 695 buffers (4.2%), wrote 1 SLRU buffers; 0 WAL file(s) added, 0 removed, 0 recycled; write=75.486 s, sync=0.015 s, total=75.510 s; sync files=41, longest=0.004 s, average=0.001 s; distance=6096 kB, estimate=6096 kB; lsn=0/10E77058, redo lsn=0/10E58DE8
2026-05-18 12:59:05 WAT LOG:  dÈbut du checkpoint : time
2026-05-18 12:59:08 WAT LOG:  checkpoint complete: wrote 29 buffers (0.2%), wrote 1 SLRU buffers; 0 WAL file(s) added, 0 removed, 0 recycled; write=3.157 s, sync=0.009 s, total=3.175 s; sync files=14, longest=0.003 s, average=0.001 s; distance=183 kB, estimate=5504 kB; lsn=0/10E86DD0, redo lsn=0/10E86D40
2026-05-18 13:04:05 WAT LOG:  dÈbut du checkpoint : time
2026-05-18 13:04:08 WAT LOG:  checkpoint complete: wrote 24 buffers (0.1%), wrote 1 SLRU buffers; 0 WAL file(s) added, 0 removed, 0 recycled; write=2.614 s, sync=0.007 s, total=2.630 s; sync files=13, longest=0.003 s, average=0.001 s; distance=161 kB, estimate=4970 kB; lsn=0/10EAF1F8, redo lsn=0/10EAF1A0
2026-05-18 13:09:05 WAT LOG:  dÈbut du checkpoint : time
2026-05-18 13:09:10 WAT LOG:  checkpoint complete: wrote 45 buffers (0.3%), wrote 1 SLRU buffers; 0 WAL file(s) added, 0 removed, 0 recycled; write=4.964 s, sync=0.023 s, total=5.009 s; sync files=20, longest=0.003 s, average=0.002 s; distance=287 kB, estimate=4502 kB; lsn=0/10EF6E70, redo lsn=0/10EF6DE0
2026-05-18 13:14:05 WAT LOG:  dÈbut du checkpoint : time
2026-05-18 13:14:08 WAT LOG:  checkpoint complete: wrote 26 buffers (0.2%), wrote 1 SLRU buffers; 0 WAL file(s) added, 0 removed, 0 recycled; write=2.837 s, sync=0.008 s, total=2.852 s; sync files=14, longest=0.003 s, average=0.001 s; distance=175 kB, estimate=4069 kB; lsn=0/10F22A90, redo lsn=0/10F22A00
2026-05-18 13:16:59 WAT LOG:  n'a pas pu recevoir les donn√©es du client : An existing connection was forcibly closed by the remote host.
	
2026-05-18 13:16:59 WAT LOG:  n'a pas pu recevoir les donn√©es du client : An existing connection was forcibly closed by the remote host.
	
2026-05-18 13:16:59 WAT LOG:  n'a pas pu recevoir les donn√©es du client : An existing connection was forcibly closed by the remote host.
	
2026-05-18 13:16:59 WAT LOG:  n'a pas pu recevoir les donn√©es du client : An existing connection was forcibly closed by the remote host.
	
2026-05-18 13:16:59 WAT LOG:  n'a pas pu recevoir les donn√©es du client : An existing connection was forcibly closed by the remote host.
	
2026-05-18 13:19:05 WAT LOG:  dÈbut du checkpoint : time
2026-05-18 13:19:07 WAT LOG:  checkpoint complete: wrote 20 buffers (0.1%), wrote 1 SLRU buffers; 0 WAL file(s) added, 0 removed, 0 recycled; write=2.195 s, sync=0.008 s, total=2.216 s; sync files=13, longest=0.003 s, average=0.001 s; distance=109 kB, estimate=3673 kB; lsn=0/10F3E190, redo lsn=0/10F3E100
